exports[`Storyshots Buttons Button 1`] = `
<button
  className="hpTakF">
  Авиабилеты
</button>
`;

exports[`Storyshots Buttons Button 2222 1`] = `
<button
  className="hpTakF">
  12345
</button>
`;
